// Jest Snapshot v1, https://goo.gl/fbAQLP

exports[`Probando el componente <GifGrid /> debe mostrarse correctamente 1`] = `
<Fragment>
  <h2
    className="category"
  >
    Sao
  </h2>
  <Loader
    className=""
    color="#1e272e"
    height={120}
    style={Object {}}
    timeout={0}
    type="ThreeDots"
    visible={true}
    width={120}
  />
  <div
    className="card-grid"
  />
</Fragment>
`;
